$ etcdctl --endpoints=http://127.0.0.1:2389 member list -w table
+------------------+-----------+---------+------------------------+-----------------------+------------+
|        ID        |  STATUS   |  NAME   |       PEER ADDRS       |     CLIENT ADDRS      | IS LEARNER |
+------------------+-----------+---------+------------------------+-----------------------+------------+
| 17fe58ac547b2c7d |   started | etcd-20 | http://127.0.0.1:12400 | http://127.0.0.1:2399 |      false |
| 944c21c3d5521c34 | unstarted |         | http://127.0.0.1:12401 |                       |       true |
| b2efec219177a0ce |   started | etcd-10 | http://127.0.0.1:12390 | http://127.0.0.1:2389 |      false |
| c147fe083a74e7db |   started | etcd-12 | http://127.0.0.1:12392 | http://127.0.0.1:2391 |      false |
+------------------+-----------+---------+------------------------+-----------------------+------------+

$ etcdctl --endpoints=http://127.0.0.1:2389 endpoint status --cluster -w table
+-----------------------+------------------+---------+---------+-----------+------------+-----------+------------+--------------------+--------+
|       ENDPOINT        |        ID        | VERSION | DB SIZE | IS LEADER | IS LEARNER | RAFT TERM | RAFT INDEX | RAFT APPLIED INDEX | ERRORS |
+-----------------------+------------------+---------+---------+-----------+------------+-----------+------------+--------------------+--------+
| http://127.0.0.1:2399 | 17fe58ac547b2c7d |   3.6.4 |  131 kB |     false |      false |         3 |        228 |                228 |        |
| http://127.0.0.1:2389 | b2efec219177a0ce |  3.5.21 |  131 kB |     false |      false |         3 |        228 |                228 |        |
| http://127.0.0.1:2391 | c147fe083a74e7db |  3.5.21 |  131 kB |      true |      false |         3 |        228 |                228 |        |
+-----------------------+------------------+---------+---------+-----------+------------+-----------+------------+--------------------+--------+

$ etcdctl --endpoints=http://127.0.0.1:2399 member list -w table
+------------------+-----------+---------+------------------------+-----------------------+------------+
|        ID        |  STATUS   |  NAME   |       PEER ADDRS       |     CLIENT ADDRS      | IS LEARNER |
+------------------+-----------+---------+------------------------+-----------------------+------------+
| 17fe58ac547b2c7d |   started | etcd-20 | http://127.0.0.1:12400 | http://127.0.0.1:2399 |      false |
| b2efec219177a0ce | unstarted |         | http://127.0.0.1:12390 |                       |       true |
| c147fe083a74e7db |   started | etcd-12 | http://127.0.0.1:12392 | http://127.0.0.1:2391 |      false |
+------------------+-----------+---------+------------------------+-----------------------+------------+

$ etcdctl --endpoints=http://127.0.0.1:2399 endpoint status --cluster -w table
+-----------------------+------------------+---------+---------+-----------+------------+-----------+------------+--------------------+--------+
|       ENDPOINT        |        ID        | VERSION | DB SIZE | IS LEADER | IS LEARNER | RAFT TERM | RAFT INDEX | RAFT APPLIED INDEX | ERRORS |
+-----------------------+------------------+---------+---------+-----------+------------+-----------+------------+--------------------+--------+
| http://127.0.0.1:2399 | 17fe58ac547b2c7d |   3.6.4 |  131 kB |     false |      false |         3 |        228 |                228 |        |
| http://127.0.0.1:2391 | c147fe083a74e7db |  3.5.21 |  131 kB |      true |      false |         3 |        228 |                228 |        |
+-----------------------+------------------+---------+---------+-----------+------------+-----------+------------+--------------------+--------+

$ etcdctl --endpoints=http://127.0.0.1:2391 endpoint status --cluster -w table
+-----------------------+------------------+---------+---------+-----------+------------+-----------+------------+--------------------+--------+
|       ENDPOINT        |        ID        | VERSION | DB SIZE | IS LEADER | IS LEARNER | RAFT TERM | RAFT INDEX | RAFT APPLIED INDEX | ERRORS |
+-----------------------+------------------+---------+---------+-----------+------------+-----------+------------+--------------------+--------+
| http://127.0.0.1:2399 | 17fe58ac547b2c7d |   3.6.4 |  131 kB |     false |      false |         3 |        228 |                228 |        |
| http://127.0.0.1:2389 | b2efec219177a0ce |  3.5.21 |  131 kB |     false |      false |         3 |        228 |                228 |        |
| http://127.0.0.1:2391 | c147fe083a74e7db |  3.5.21 |  131 kB |      true |      false |         3 |        228 |                228 |        |
+-----------------------+------------------+---------+---------+-----------+------------+-----------+------------+--------------------+--------+

$ etcdctl --endpoints=http://127.0.0.1:2391 member list -w table
+------------------+-----------+---------+------------------------+-----------------------+------------+
|        ID        |  STATUS   |  NAME   |       PEER ADDRS       |     CLIENT ADDRS      | IS LEARNER |
+------------------+-----------+---------+------------------------+-----------------------+------------+
| 17fe58ac547b2c7d |   started | etcd-20 | http://127.0.0.1:12400 | http://127.0.0.1:2399 |      false |
| 944c21c3d5521c34 | unstarted |         | http://127.0.0.1:12401 |                       |       true |
| b2efec219177a0ce |   started | etcd-10 | http://127.0.0.1:12390 | http://127.0.0.1:2389 |      false |
| c147fe083a74e7db |   started | etcd-12 | http://127.0.0.1:12392 | http://127.0.0.1:2391 |      false |
+------------------+-----------+---------+------------------------+-----------------------+------------+

